******************************************************************************
            TI ARM Clang Linker PC v4.0.4                      
******************************************************************************
>> Linked Wed Dec  3 19:23:35 2025

OUTPUT FILE NAME:   <lin_responder_LP_MSPM0C1104_nortos_ticlang.out>
ENTRY POINT SYMBOL: "_c_int00_noargs"  address: 00000cc1


MEMORY CONFIGURATION

         name            origin    length      used     unused   attr    fill
----------------------  --------  ---------  --------  --------  ----  --------
  FLASH                 00000000   00004000  00000e30  000031d0  R  X
  SRAM                  20000000   00000400  00000099  00000367  RW X
  BCR_CONFIG            41c00000   000000ff  00000000  000000ff  R   


SEGMENT ALLOCATION MAP

run origin  load origin   length   init length attrs members
----------  ----------- ---------- ----------- ----- -------
00000000    00000000    00000e30   00000e30    r-x
  00000000    00000000    000000c0   000000c0    r-- .intvecs
  000000c0    000000c0    00000d08   00000d08    r-x .text
  00000dc8    00000dc8    00000018   00000018    r-- .rodata
  00000de0    00000de0    00000050   00000050    r-- .cinit
20000000    20000000    0000005a   00000000    rw-
  20000000    20000000    00000041   00000000    rw- .data
  20000042    20000042    00000018   00000000    rw- .bss
200003c0    200003c0    00000040   00000000    rw-
  200003c0    200003c0    00000040   00000000    rw- .stack


SECTION ALLOCATION MAP

 output                                  attributes/
section   page    origin      length       input sections
--------  ----  ----------  ----------   ----------------
.intvecs   0    00000000    000000c0     
                  00000000    000000c0     startup_mspm0c110x_ticlang.o (.intvecs)

.text      0    000000c0    00000d08     
                  000000c0    000002f4     lin_responder.o (.text.UART0_IRQHandler)
                  000003b4    00000134     lin_responder.o (.text.setLINResponderRXMessage)
                  000004e8    000000e4     libclang_rt.builtins.a : muldf3.S.obj (.text.__muldf3)
                  000005cc    000000b8     ti_msp_dl_config.o (.text.SYSCFG_DL_LIN_0_init)
                  00000684    0000009a     libc.a : memcpy16.S.obj (.text:memcpy)
                  0000071e    00000002     startup_mspm0c110x_ticlang.o (.text.Default_Handler)
                  00000720    0000008c     lin_config.o (.text.sendLINResponderTXMessage)
                  000007ac    00000080     driverlib.a : dl_uart.o (.text.DL_UART_configBaudRate)
                  0000082c    0000007c     libc.a : copy_decompress_lzss.c.obj (.text:decompress:lzss)
                  000008a8    00000074     libclang_rt.builtins.a : comparedf2.c.obj (.text.__gedf2)
                  0000091c    0000006c     ti_msp_dl_config.o (.text.SYSCFG_DL_ADC12_0_init)
                  00000988    00000068     libclang_rt.builtins.a : comparedf2.c.obj (.text.__ledf2)
                  000009f0    00000062                            : aeabi_dcmp.S.obj (.text.__aeabi_dcmp)
                  00000a52    00000002                            : aeabi_div0.c.obj (.text.__aeabi_idiv0)
                  00000a54    0000004a                            : fixdfsi.S.obj (.text.__fixdfsi)
                  00000a9e    00000002     --HOLE-- [fill = 0]
                  00000aa0    00000048     driverlib.a : dl_uart.o (.text.DL_UART_init)
                  00000ae8    00000048     lin_responder.o (.text.main)
                  00000b30    00000040     driverlib.a : dl_adc12.o (.text.DL_ADC12_setClockConfig)
                  00000b70    00000040     libclang_rt.builtins.a : aeabi_uidivmod.S.obj (.text.__aeabi_uidivmod)
                  00000bb0    0000003c     libc.a : autoinit.c.obj (.text:__TI_auto_init_nobinit_nopinit)
                  00000bec    0000003a     libclang_rt.builtins.a : muldsi3.S.obj (.text.__muldsi3)
                  00000c26    00000002     --HOLE-- [fill = 0]
                  00000c28    00000034     ti_msp_dl_config.o (.text.SYSCFG_DL_GPIO_init)
                  00000c5c    00000034     ti_msp_dl_config.o (.text.SYSCFG_DL_initPower)
                  00000c90    00000030     driverlib.a : dl_uart.o (.text.DL_UART_transmitDataBlocking)
                  00000cc0    00000028     libc.a : boot_cortex_m.c.obj (.text:_c_int00_noargs)
                  00000ce8    00000024     ti_msp_dl_config.o (.text.SYSCFG_DL_SYSCTL_init)
                  00000d0c    00000024     libclang_rt.builtins.a : floatunsidf.S.obj (.text.__floatunsidf)
                  00000d30    00000020     lin_responder.o (.text.LIN_Message_1_Handler)
                  00000d50    00000018     ti_msp_dl_config.o (.text.SYSCFG_DL_init)
                  00000d68    00000016     libc.a : copy_zero_init.c.obj (.text:decompress:ZI:__TI_zero_init_nomemset)
                  00000d7e    00000012     driverlib.a : dl_uart.o (.text.DL_UART_setClockConfig)
                  00000d90    00000012     libc.a : copy_decompress_none.c.obj (.text:decompress:none)
                  00000da2    0000000a     driverlib.a : dl_common.o (.text.DL_Common_delayCycles)
                  00000dac    00000008     libclang_rt.builtins.a : aeabi_memcpy.S.obj (.text.__aeabi_memcpy)
                  00000db4    00000006     libc.a : exit.c.obj (.text:abort)
                  00000dba    00000004     libsysbm.a : hostexit.c.obj (.text.HOSTexit)
                  00000dbe    00000004     startup_mspm0c110x_ticlang.o (.text.Reset_Handler)
                  00000dc2    00000004     libc.a : pre_init.c.obj (.text._system_pre_init)
                  00000dc6    00000002     --HOLE-- [fill = 0]

.cinit     0    00000de0    00000050     
                  00000de0    0000002a     (.cinit..data.load) [load image, compression = lzss]
                  00000e0a    00000002     --HOLE-- [fill = 0]
                  00000e0c    0000000c     (__TI_handler_table)
                  00000e18    00000008     (.cinit..bss.load) [load image, compression = zero_init]
                  00000e20    00000010     (__TI_cinit_table)

.rodata    0    00000dc8    00000018     
                  00000dc8    0000000a     ti_msp_dl_config.o (.rodata.gLIN_0Config)
                  00000dd2    00000002     ti_msp_dl_config.o (.rodata.gLIN_0ClockConfig)
                  00000dd4    00000008     ti_msp_dl_config.o (.rodata.gADC12_0ClockConfig)
                  00000ddc    00000004     --HOLE-- [fill = 0]

.init_array 
*          0    00000000    00000000     UNINITIALIZED

.binit     0    00000000    00000000     

.data      0    20000000    00000041     UNINITIALIZED
                  20000000    00000018     lin_responder.o (.data.responderMessageTable)
                  20000018    00000008     lin_responder.o (.data.gResponderRXBuffer)
                  20000020    00000008     lin_responder.o (.data.gResponderTXMessageData)
                  20000028    00000004     lin_responder.o (.data.gLin0TbitWidthVar)
                  2000002c    00000002     lin_responder.o (.data.SensorData1)
                  2000002e    00000002     lin_responder.o (.data.SensorData2)
                  20000030    00000002     lin_responder.o (.data.gCurrBaudRate)
                  20000032    00000002     lin_responder.o (.data.gLinResponseLapseVar)
                  20000034    00000002     lin_responder.o (.data.gNumCycles)
                  20000036    00000002     lin_responder.o (.data.gPrevBaudRate)
                  20000038    00000002     lin_responder.o (.data.gTotalBitTime)
                  2000003a    00000001     lin_responder.o (.data.gAutoBaudUsed)
                  2000003b    00000001     lin_responder.o (.data.gFirstSyncBit)
                  2000003c    00000001     lin_responder.o (.data.gNumSyncErrors)
                  2000003d    00000001     lin_responder.o (.data.gStateMachine)
                  2000003e    00000001     lin_responder.o (.data.setLINResponderRXMessage.LIN_state)
                  2000003f    00000001     lin_responder.o (.data.setLINResponderRXMessage.byteCounter)
                  20000040    00000001     lin_responder.o (.data.setLINResponderRXMessage.msgTableIndex)

.bss       0    20000042    00000018     UNINITIALIZED
                  20000042    00000014     (.common:gBitTimes)
                  20000056    00000002     lin_responder.o (.bss.setLINResponderRXMessage.tempChksum)
                  20000058    00000002     (.common:adcResult)

.stack     0    200003c0    00000040     UNINITIALIZED
                  200003c0    00000004     libc.a : boot_cortex_m.c.obj (.stack)
                  200003c4    0000003c     --HOLE--

__llvm_prf_cnts 
*          0    20000000    00000000     UNINITIALIZED

__llvm_prf_bits 
*          0    20000000    00000000     UNINITIALIZED

MODULE SUMMARY

       Module                         code   ro data   rw data
       ------                         ----   -------   -------
    .\
       lin_responder.o                1168   0         89     
       ti_msp_dl_config.o             456    20        0      
       startup_mspm0c110x_ticlang.o   6      192       0      
       lin_config.o                   140    0         0      
    +--+------------------------------+------+---------+---------+
       Total:                         1770   212       89     
                                                              
    C:/TI/mspm0_sdk_2_08_00_03/source/ti/driverlib/lib/ticlang/m0p/mspm0c110x/driverlib.a
       dl_uart.o                      266    0         0      
       dl_adc12.o                     64     0         0      
       dl_common.o                    10     0         0      
    +--+------------------------------+------+---------+---------+
       Total:                         340    0         0      
                                                              
    D:\ti\ccs2031\ccs\tools\compiler\ti-cgt-armllvm_4.0.4.LTS\lib\armv6m-ti-none-eabi/c/libc.a
       memcpy16.S.obj                 154    0         0      
       copy_decompress_lzss.c.obj     124    0         0      
       autoinit.c.obj                 60     0         0      
       boot_cortex_m.c.obj            40     0         0      
       copy_zero_init.c.obj           22     0         0      
       copy_decompress_none.c.obj     18     0         0      
       exit.c.obj                     6      0         0      
       pre_init.c.obj                 4      0         0      
    +--+------------------------------+------+---------+---------+
       Total:                         428    0         0      
                                                              
    D:\ti\ccs2031\ccs\tools\compiler\ti-cgt-armllvm_4.0.4.LTS\lib\armv6m-ti-none-eabi/c/libsysbm.a
       hostexit.c.obj                 4      0         0      
    +--+------------------------------+------+---------+---------+
       Total:                         4      0         0      
                                                              
    D:\ti\ccs2031\ccs\tools\compiler\ti-cgt-armllvm_4.0.4.LTS\lib\armv6m-ti-none-eabi/libclang_rt.builtins.a
       muldf3.S.obj                   228    0         0      
       comparedf2.c.obj               220    0         0      
       aeabi_dcmp.S.obj               98     0         0      
       fixdfsi.S.obj                  74     0         0      
       aeabi_uidivmod.S.obj           64     0         0      
       muldsi3.S.obj                  58     0         0      
       floatunsidf.S.obj              36     0         0      
       aeabi_memcpy.S.obj             8      0         0      
       aeabi_div0.c.obj               2      0         0      
    +--+------------------------------+------+---------+---------+
       Total:                         788    0         0      
                                                              
       Stack:                         0      0         64     
       Linker Generated:              0      78        0      
    +--+------------------------------+------+---------+---------+
       Grand Total:                   3330   290       153    


LINKER GENERATED COPY TABLES

__TI_cinit_table @ 00000e20 records: 2, size/record: 8, table size: 16
	.data: load addr=00000de0, load size=0000002a bytes, run addr=20000000, run size=00000041 bytes, compression=lzss
	.bss: load addr=00000e18, load size=00000008 bytes, run addr=20000042, run size=00000018 bytes, compression=zero_init


LINKER GENERATED HANDLER TABLE

__TI_handler_table @ 00000e0c records: 3, size/record: 4, table size: 12
	index: 0, handler: __TI_decompress_lzss
	index: 1, handler: __TI_decompress_none
	index: 2, handler: __TI_zero_init


GLOBAL SYMBOLS: SORTED ALPHABETICALLY BY Name 

address   name                          
-------   ----                          
0000071f  ADC0_IRQHandler               
00000dba  C$$EXIT                       
00000b31  DL_ADC12_setClockConfig       
00000da3  DL_Common_delayCycles         
000007ad  DL_UART_configBaudRate        
00000aa1  DL_UART_init                  
00000d7f  DL_UART_setClockConfig        
00000c91  DL_UART_transmitDataBlocking  
0000071f  DMA_IRQHandler                
0000071f  Default_Handler               
0000071f  GPIOA_IRQHandler              
0000071f  GROUP0_IRQHandler             
00000dbb  HOSTexit                      
0000071f  HardFault_Handler             
0000071f  I2C0_IRQHandler               
00000d31  LIN_Message_1_Handler         
0000071f  NMI_Handler                   
0000071f  PendSV_Handler                
00000dbf  Reset_Handler                 
0000071f  SPI0_IRQHandler               
0000071f  SVC_Handler                   
0000091d  SYSCFG_DL_ADC12_0_init        
00000c29  SYSCFG_DL_GPIO_init           
000005cd  SYSCFG_DL_LIN_0_init          
00000ce9  SYSCFG_DL_SYSCTL_init         
00000d51  SYSCFG_DL_init                
00000c5d  SYSCFG_DL_initPower           
2000002c  SensorData1                   
2000002e  SensorData2                   
0000071f  SysTick_Handler               
0000071f  TIMA0_IRQHandler              
0000071f  TIMG14_IRQHandler             
0000071f  TIMG8_IRQHandler              
000000c1  UART0_IRQHandler              
20000400  __STACK_END                   
00000040  __STACK_SIZE                  
00000000  __TI_ATRegion0_region_sz      
00000000  __TI_ATRegion0_src_addr       
00000000  __TI_ATRegion0_trg_addr       
00000000  __TI_ATRegion1_region_sz      
00000000  __TI_ATRegion1_src_addr       
00000000  __TI_ATRegion1_trg_addr       
00000000  __TI_ATRegion2_region_sz      
00000000  __TI_ATRegion2_src_addr       
00000000  __TI_ATRegion2_trg_addr       
00000e20  __TI_CINIT_Base               
00000e30  __TI_CINIT_Limit              
00000e30  __TI_CINIT_Warm               
00000e0c  __TI_Handler_Table_Base       
00000e18  __TI_Handler_Table_Limit      
00000bb1  __TI_auto_init_nobinit_nopinit
0000082d  __TI_decompress_lzss          
00000d91  __TI_decompress_none          
ffffffff  __TI_pprof_out_hndl           
ffffffff  __TI_prof_data_size           
ffffffff  __TI_prof_data_start          
00000000  __TI_static_base__            
00000d69  __TI_zero_init_nomemset       
00000a55  __aeabi_d2iz                  
000009f1  __aeabi_dcmpeq                
00000a2d  __aeabi_dcmpge                
00000a41  __aeabi_dcmpgt                
00000a19  __aeabi_dcmple                
00000a05  __aeabi_dcmplt                
000004e9  __aeabi_dmul                  
00000a53  __aeabi_idiv0                 
00000dad  __aeabi_memcpy                
00000dad  __aeabi_memcpy4               
00000dad  __aeabi_memcpy8               
00000d0d  __aeabi_ui2d                  
00000b71  __aeabi_uidiv                 
00000b71  __aeabi_uidivmod              
ffffffff  __binit__                     
00000989  __cmpdf2                      
00000989  __eqdf2                       
00000a55  __fixdfsi                     
00000d0d  __floatunsidf                 
000008a9  __gedf2                       
000008a9  __gtdf2                       
00000989  __ledf2                       
00000989  __ltdf2                       
UNDEFED   __mpu_init                    
000004e9  __muldf3                      
00000bed  __muldsi3                     
00000989  __nedf2                       
200003c0  __stack                       
20000000  __start___llvm_prf_bits       
20000000  __start___llvm_prf_cnts       
20000000  __stop___llvm_prf_bits        
20000000  __stop___llvm_prf_cnts        
00000cc1  _c_int00_noargs               
UNDEFED   _system_post_cinit            
00000dc3  _system_pre_init              
00000db5  abort                         
20000058  adcResult                     
ffffffff  binit                         
2000003a  gAutoBaudUsed                 
20000042  gBitTimes                     
20000030  gCurrBaudRate                 
2000003b  gFirstSyncBit                 
20000028  gLin0TbitWidthVar             
20000032  gLinResponseLapseVar          
20000034  gNumCycles                    
2000003c  gNumSyncErrors                
20000036  gPrevBaudRate                 
20000018  gResponderRXBuffer            
20000020  gResponderTXMessageData       
2000003d  gStateMachine                 
20000038  gTotalBitTime                 
00000000  interruptVectors              
00000ae9  main                          
00000685  memcpy                        
20000000  responderMessageTable         
00000721  sendLINResponderTXMessage     
000003b5  setLINResponderRXMessage      


GLOBAL SYMBOLS: SORTED BY Symbol Address 

address   name                          
-------   ----                          
00000000  __TI_ATRegion0_region_sz      
00000000  __TI_ATRegion0_src_addr       
00000000  __TI_ATRegion0_trg_addr       
00000000  __TI_ATRegion1_region_sz      
00000000  __TI_ATRegion1_src_addr       
00000000  __TI_ATRegion1_trg_addr       
00000000  __TI_ATRegion2_region_sz      
00000000  __TI_ATRegion2_src_addr       
00000000  __TI_ATRegion2_trg_addr       
00000000  __TI_static_base__            
00000000  interruptVectors              
00000040  __STACK_SIZE                  
000000c1  UART0_IRQHandler              
000003b5  setLINResponderRXMessage      
000004e9  __aeabi_dmul                  
000004e9  __muldf3                      
000005cd  SYSCFG_DL_LIN_0_init          
00000685  memcpy                        
0000071f  ADC0_IRQHandler               
0000071f  DMA_IRQHandler                
0000071f  Default_Handler               
0000071f  GPIOA_IRQHandler              
0000071f  GROUP0_IRQHandler             
0000071f  HardFault_Handler             
0000071f  I2C0_IRQHandler               
0000071f  NMI_Handler                   
0000071f  PendSV_Handler                
0000071f  SPI0_IRQHandler               
0000071f  SVC_Handler                   
0000071f  SysTick_Handler               
0000071f  TIMA0_IRQHandler              
0000071f  TIMG14_IRQHandler             
0000071f  TIMG8_IRQHandler              
00000721  sendLINResponderTXMessage     
000007ad  DL_UART_configBaudRate        
0000082d  __TI_decompress_lzss          
000008a9  __gedf2                       
000008a9  __gtdf2                       
0000091d  SYSCFG_DL_ADC12_0_init        
00000989  __cmpdf2                      
00000989  __eqdf2                       
00000989  __ledf2                       
00000989  __ltdf2                       
00000989  __nedf2                       
000009f1  __aeabi_dcmpeq                
00000a05  __aeabi_dcmplt                
00000a19  __aeabi_dcmple                
00000a2d  __aeabi_dcmpge                
00000a41  __aeabi_dcmpgt                
00000a53  __aeabi_idiv0                 
00000a55  __aeabi_d2iz                  
00000a55  __fixdfsi                     
00000aa1  DL_UART_init                  
00000ae9  main                          
00000b31  DL_ADC12_setClockConfig       
00000b71  __aeabi_uidiv                 
00000b71  __aeabi_uidivmod              
00000bb1  __TI_auto_init_nobinit_nopinit
00000bed  __muldsi3                     
00000c29  SYSCFG_DL_GPIO_init           
00000c5d  SYSCFG_DL_initPower           
00000c91  DL_UART_transmitDataBlocking  
00000cc1  _c_int00_noargs               
00000ce9  SYSCFG_DL_SYSCTL_init         
00000d0d  __aeabi_ui2d                  
00000d0d  __floatunsidf                 
00000d31  LIN_Message_1_Handler         
00000d51  SYSCFG_DL_init                
00000d69  __TI_zero_init_nomemset       
00000d7f  DL_UART_setClockConfig        
00000d91  __TI_decompress_none          
00000da3  DL_Common_delayCycles         
00000dad  __aeabi_memcpy                
00000dad  __aeabi_memcpy4               
00000dad  __aeabi_memcpy8               
00000db5  abort                         
00000dba  C$$EXIT                       
00000dbb  HOSTexit                      
00000dbf  Reset_Handler                 
00000dc3  _system_pre_init              
00000e0c  __TI_Handler_Table_Base       
00000e18  __TI_Handler_Table_Limit      
00000e20  __TI_CINIT_Base               
00000e30  __TI_CINIT_Limit              
00000e30  __TI_CINIT_Warm               
20000000  __start___llvm_prf_bits       
20000000  __start___llvm_prf_cnts       
20000000  __stop___llvm_prf_bits        
20000000  __stop___llvm_prf_cnts        
20000000  responderMessageTable         
20000018  gResponderRXBuffer            
20000020  gResponderTXMessageData       
20000028  gLin0TbitWidthVar             
2000002c  SensorData1                   
2000002e  SensorData2                   
20000030  gCurrBaudRate                 
20000032  gLinResponseLapseVar          
20000034  gNumCycles                    
20000036  gPrevBaudRate                 
20000038  gTotalBitTime                 
2000003a  gAutoBaudUsed                 
2000003b  gFirstSyncBit                 
2000003c  gNumSyncErrors                
2000003d  gStateMachine                 
20000042  gBitTimes                     
20000058  adcResult                     
200003c0  __stack                       
20000400  __STACK_END                   
ffffffff  __TI_pprof_out_hndl           
ffffffff  __TI_prof_data_size           
ffffffff  __TI_prof_data_start          
ffffffff  __binit__                     
ffffffff  binit                         
UNDEFED   __mpu_init                    
UNDEFED   _system_post_cinit            

[115 symbols]
