******************************************************************************
            TI ARM Clang Linker PC v4.0.4                      
******************************************************************************
>> Linked Wed Nov 26 19:23:03 2025

OUTPUT FILE NAME:   <lin_responder_LP_MSPM0C1104_nortos_ticlang.out>
ENTRY POINT SYMBOL: "_c_int00_noargs"  address: 00000bfd


MEMORY CONFIGURATION

         name            origin    length      used     unused   attr    fill
----------------------  --------  ---------  --------  --------  ----  --------
  FLASH                 00000000   00004000  00000d68  00003298  R  X
  SRAM                  20000000   00000400  000000b6  0000034a  RW X
  BCR_CONFIG            41c00000   000000ff  00000000  000000ff  R   


SEGMENT ALLOCATION MAP

run origin  load origin   length   init length attrs members
----------  ----------- ---------- ----------- ----- -------
00000000    00000000    00000d68   00000d68    r-x
  00000000    00000000    000000c0   000000c0    r-- .intvecs
  000000c0    000000c0    00000c40   00000c40    r-x .text
  00000d00    00000d00    00000010   00000010    r-- .rodata
  00000d10    00000d10    00000058   00000058    r-- .cinit
20000000    20000000    00000076   00000000    rw-
  20000000    20000000    00000060   00000000    rw- .data
  20000060    20000060    00000016   00000000    rw- .bss
200003c0    200003c0    00000040   00000000    rw-
  200003c0    200003c0    00000040   00000000    rw- .stack


SECTION ALLOCATION MAP

 output                                  attributes/
section   page    origin      length       input sections
--------  ----  ----------  ----------   ----------------
.intvecs   0    00000000    000000c0     
                  00000000    000000c0     startup_mspm0c110x_ticlang.o (.intvecs)

.text      0    000000c0    00000c40     
                  000000c0    000002f4     lin_responder.o (.text.UART0_IRQHandler)
                  000003b4    00000134     lin_responder.o (.text.setLINResponderRXMessage)
                  000004e8    000000e4     libclang_rt.builtins.a : muldf3.S.obj (.text.__muldf3)
                  000005cc    000000b8     ti_msp_dl_config.o (.text.SYSCFG_DL_LIN_0_init)
                  00000684    0000009a     libc.a : memcpy16.S.obj (.text:memcpy)
                  0000071e    00000002     startup_mspm0c110x_ticlang.o (.text.Default_Handler)
                  00000720    0000008c     lin_config.o (.text.sendLINResponderTXMessage)
                  000007ac    00000080     driverlib.a : dl_uart.o (.text.DL_UART_configBaudRate)
                  0000082c    0000007c     libc.a : copy_decompress_lzss.c.obj (.text:decompress:lzss)
                  000008a8    00000074     libclang_rt.builtins.a : comparedf2.c.obj (.text.__gedf2)
                  0000091c    00000068                            : comparedf2.c.obj (.text.__ledf2)
                  00000984    00000062                            : aeabi_dcmp.S.obj (.text.__aeabi_dcmp)
                  000009e6    00000002                            : aeabi_div0.c.obj (.text.__aeabi_idiv0)
                  000009e8    0000004a                            : fixdfsi.S.obj (.text.__fixdfsi)
                  00000a32    00000002     --HOLE-- [fill = 0]
                  00000a34    00000048     driverlib.a : dl_uart.o (.text.DL_UART_init)
                  00000a7c    00000040     libclang_rt.builtins.a : aeabi_uidivmod.S.obj (.text.__aeabi_uidivmod)
                  00000abc    0000003c     libc.a : autoinit.c.obj (.text:__TI_auto_init_nobinit_nopinit)
                  00000af8    0000003a     libclang_rt.builtins.a : muldsi3.S.obj (.text.__muldsi3)
                  00000b32    00000002     --HOLE-- [fill = 0]
                  00000b34    00000038     lin_responder.o (.text.main)
                  00000b6c    00000034     ti_msp_dl_config.o (.text.SYSCFG_DL_GPIO_init)
                  00000ba0    00000030     driverlib.a : dl_uart.o (.text.DL_UART_transmitDataBlocking)
                  00000bd0    0000002c     ti_msp_dl_config.o (.text.SYSCFG_DL_initPower)
                  00000bfc    00000028     libc.a : boot_cortex_m.c.obj (.text:_c_int00_noargs)
                  00000c24    00000024     ti_msp_dl_config.o (.text.SYSCFG_DL_SYSCTL_init)
                  00000c48    00000024     libclang_rt.builtins.a : floatunsidf.S.obj (.text.__floatunsidf)
                  00000c6c    00000020     lin_responder.o (.text.LIN_Message_1_Handler)
                  00000c8c    00000016     libc.a : copy_zero_init.c.obj (.text:decompress:ZI:__TI_zero_init_nomemset)
                  00000ca2    00000014     ti_msp_dl_config.o (.text.SYSCFG_DL_init)
                  00000cb6    00000012     driverlib.a : dl_uart.o (.text.DL_UART_setClockConfig)
                  00000cc8    00000012     libc.a : copy_decompress_none.c.obj (.text:decompress:none)
                  00000cda    0000000a     driverlib.a : dl_common.o (.text.DL_Common_delayCycles)
                  00000ce4    00000008     libclang_rt.builtins.a : aeabi_memcpy.S.obj (.text.__aeabi_memcpy)
                  00000cec    00000006     libc.a : exit.c.obj (.text:abort)
                  00000cf2    00000004     libsysbm.a : hostexit.c.obj (.text.HOSTexit)
                  00000cf6    00000004     startup_mspm0c110x_ticlang.o (.text.Reset_Handler)
                  00000cfa    00000004     libc.a : pre_init.c.obj (.text._system_pre_init)
                  00000cfe    00000002     --HOLE-- [fill = 0]

.cinit     0    00000d10    00000058     
                  00000d10    0000002d     (.cinit..data.load) [load image, compression = lzss]
                  00000d3d    00000003     --HOLE-- [fill = 0]
                  00000d40    0000000c     (__TI_handler_table)
                  00000d4c    00000008     (.cinit..bss.load) [load image, compression = zero_init]
                  00000d54    00000010     (__TI_cinit_table)
                  00000d64    00000004     --HOLE-- [fill = 0]

.rodata    0    00000d00    00000010     
                  00000d00    0000000a     ti_msp_dl_config.o (.rodata.gLIN_0Config)
                  00000d0a    00000002     ti_msp_dl_config.o (.rodata.gLIN_0ClockConfig)
                  00000d0c    00000004     --HOLE-- [fill = 0]

.init_array 
*          0    00000000    00000000     UNINITIALIZED

.binit     0    00000000    00000000     

.data      0    20000000    00000060     UNINITIALIZED
                  20000000    00000038     lin_responder.o (.data.responderMessageTable)
                  20000038    00000008     lin_responder.o (.data.gResponderRXBuffer)
                  20000040    00000008     lin_responder.o (.data.gResponderTXMessageData)
                  20000048    00000004     lin_responder.o (.data.gLin0TbitWidthVar)
                  2000004c    00000003     lin_responder.o (.data.SensorData)
                  2000004f    00000001     lin_responder.o (.data.gAutoBaudUsed)
                  20000050    00000002     lin_responder.o (.data.gCurrBaudRate)
                  20000052    00000002     lin_responder.o (.data.gLinResponseLapseVar)
                  20000054    00000002     lin_responder.o (.data.gNumCycles)
                  20000056    00000002     lin_responder.o (.data.gPrevBaudRate)
                  20000058    00000002     lin_responder.o (.data.gTotalBitTime)
                  2000005a    00000001     lin_responder.o (.data.gFirstSyncBit)
                  2000005b    00000001     lin_responder.o (.data.gNumSyncErrors)
                  2000005c    00000001     lin_responder.o (.data.gStateMachine)
                  2000005d    00000001     lin_responder.o (.data.setLINResponderRXMessage.LIN_state)
                  2000005e    00000001     lin_responder.o (.data.setLINResponderRXMessage.byteCounter)
                  2000005f    00000001     lin_responder.o (.data.setLINResponderRXMessage.msgTableIndex)

.bss       0    20000060    00000016     UNINITIALIZED
                  20000060    00000014     (.common:gBitTimes)
                  20000074    00000002     lin_responder.o (.bss.setLINResponderRXMessage.tempChksum)

.stack     0    200003c0    00000040     UNINITIALIZED
                  200003c0    00000004     libc.a : boot_cortex_m.c.obj (.stack)
                  200003c4    0000003c     --HOLE--

__llvm_prf_cnts 
*          0    20000000    00000000     UNINITIALIZED

__llvm_prf_bits 
*          0    20000000    00000000     UNINITIALIZED

MODULE SUMMARY

       Module                         code   ro data   rw data
       ------                         ----   -------   -------
    .\
       lin_responder.o                1152   0         118    
       ti_msp_dl_config.o             336    12        0      
       startup_mspm0c110x_ticlang.o   6      192       0      
       lin_config.o                   140    0         0      
    +--+------------------------------+------+---------+---------+
       Total:                         1634   204       118    
                                                              
    C:/ti/mspm0_sdk_2_07_00_05/source/ti/driverlib/lib/ticlang/m0p/mspm0c110x/driverlib.a
       dl_uart.o                      266    0         0      
       dl_common.o                    10     0         0      
    +--+------------------------------+------+---------+---------+
       Total:                         276    0         0      
                                                              
    C:\ti\ccs2031\ccs\tools\compiler\ti-cgt-armllvm_4.0.4.LTS\lib\armv6m-ti-none-eabi/c/libc.a
       memcpy16.S.obj                 154    0         0      
       copy_decompress_lzss.c.obj     124    0         0      
       autoinit.c.obj                 60     0         0      
       boot_cortex_m.c.obj            40     0         0      
       copy_zero_init.c.obj           22     0         0      
       copy_decompress_none.c.obj     18     0         0      
       exit.c.obj                     6      0         0      
       pre_init.c.obj                 4      0         0      
    +--+------------------------------+------+---------+---------+
       Total:                         428    0         0      
                                                              
    C:\ti\ccs2031\ccs\tools\compiler\ti-cgt-armllvm_4.0.4.LTS\lib\armv6m-ti-none-eabi/c/libsysbm.a
       hostexit.c.obj                 4      0         0      
    +--+------------------------------+------+---------+---------+
       Total:                         4      0         0      
                                                              
    C:\ti\ccs2031\ccs\tools\compiler\ti-cgt-armllvm_4.0.4.LTS\lib\armv6m-ti-none-eabi/libclang_rt.builtins.a
       muldf3.S.obj                   228    0         0      
       comparedf2.c.obj               220    0         0      
       aeabi_dcmp.S.obj               98     0         0      
       fixdfsi.S.obj                  74     0         0      
       aeabi_uidivmod.S.obj           64     0         0      
       muldsi3.S.obj                  58     0         0      
       floatunsidf.S.obj              36     0         0      
       aeabi_memcpy.S.obj             8      0         0      
       aeabi_div0.c.obj               2      0         0      
    +--+------------------------------+------+---------+---------+
       Total:                         788    0         0      
                                                              
       Stack:                         0      0         64     
       Linker Generated:              0      81        0      
    +--+------------------------------+------+---------+---------+
       Grand Total:                   3130   285       182    


LINKER GENERATED COPY TABLES

__TI_cinit_table @ 00000d54 records: 2, size/record: 8, table size: 16
	.data: load addr=00000d10, load size=0000002d bytes, run addr=20000000, run size=00000060 bytes, compression=lzss
	.bss: load addr=00000d4c, load size=00000008 bytes, run addr=20000060, run size=00000016 bytes, compression=zero_init


LINKER GENERATED HANDLER TABLE

__TI_handler_table @ 00000d40 records: 3, size/record: 4, table size: 12
	index: 0, handler: __TI_decompress_lzss
	index: 1, handler: __TI_decompress_none
	index: 2, handler: __TI_zero_init


GLOBAL SYMBOLS: SORTED ALPHABETICALLY BY Name 

address   name                          
-------   ----                          
0000071f  ADC0_IRQHandler               
00000cf2  C$$EXIT                       
00000cdb  DL_Common_delayCycles         
000007ad  DL_UART_configBaudRate        
00000a35  DL_UART_init                  
00000cb7  DL_UART_setClockConfig        
00000ba1  DL_UART_transmitDataBlocking  
0000071f  DMA_IRQHandler                
0000071f  Default_Handler               
0000071f  GPIOA_IRQHandler              
0000071f  GROUP0_IRQHandler             
00000cf3  HOSTexit                      
0000071f  HardFault_Handler             
0000071f  I2C0_IRQHandler               
00000c6d  LIN_Message_1_Handler         
0000071f  NMI_Handler                   
0000071f  PendSV_Handler                
00000cf7  Reset_Handler                 
0000071f  SPI0_IRQHandler               
0000071f  SVC_Handler                   
00000b6d  SYSCFG_DL_GPIO_init           
000005cd  SYSCFG_DL_LIN_0_init          
00000c25  SYSCFG_DL_SYSCTL_init         
00000ca3  SYSCFG_DL_init                
00000bd1  SYSCFG_DL_initPower           
2000004c  SensorData                    
0000071f  SysTick_Handler               
0000071f  TIMA0_IRQHandler              
0000071f  TIMG14_IRQHandler             
0000071f  TIMG8_IRQHandler              
000000c1  UART0_IRQHandler              
20000400  __STACK_END                   
00000040  __STACK_SIZE                  
00000000  __TI_ATRegion0_region_sz      
00000000  __TI_ATRegion0_src_addr       
00000000  __TI_ATRegion0_trg_addr       
00000000  __TI_ATRegion1_region_sz      
00000000  __TI_ATRegion1_src_addr       
00000000  __TI_ATRegion1_trg_addr       
00000000  __TI_ATRegion2_region_sz      
00000000  __TI_ATRegion2_src_addr       
00000000  __TI_ATRegion2_trg_addr       
00000d54  __TI_CINIT_Base               
00000d64  __TI_CINIT_Limit              
00000d64  __TI_CINIT_Warm               
00000d40  __TI_Handler_Table_Base       
00000d4c  __TI_Handler_Table_Limit      
00000abd  __TI_auto_init_nobinit_nopinit
0000082d  __TI_decompress_lzss          
00000cc9  __TI_decompress_none          
ffffffff  __TI_pprof_out_hndl           
ffffffff  __TI_prof_data_size           
ffffffff  __TI_prof_data_start          
00000000  __TI_static_base__            
00000c8d  __TI_zero_init_nomemset       
000009e9  __aeabi_d2iz                  
00000985  __aeabi_dcmpeq                
000009c1  __aeabi_dcmpge                
000009d5  __aeabi_dcmpgt                
000009ad  __aeabi_dcmple                
00000999  __aeabi_dcmplt                
000004e9  __aeabi_dmul                  
000009e7  __aeabi_idiv0                 
00000ce5  __aeabi_memcpy                
00000ce5  __aeabi_memcpy4               
00000ce5  __aeabi_memcpy8               
00000c49  __aeabi_ui2d                  
00000a7d  __aeabi_uidiv                 
00000a7d  __aeabi_uidivmod              
ffffffff  __binit__                     
0000091d  __cmpdf2                      
0000091d  __eqdf2                       
000009e9  __fixdfsi                     
00000c49  __floatunsidf                 
000008a9  __gedf2                       
000008a9  __gtdf2                       
0000091d  __ledf2                       
0000091d  __ltdf2                       
UNDEFED   __mpu_init                    
000004e9  __muldf3                      
00000af9  __muldsi3                     
0000091d  __nedf2                       
200003c0  __stack                       
20000000  __start___llvm_prf_bits       
20000000  __start___llvm_prf_cnts       
20000000  __stop___llvm_prf_bits        
20000000  __stop___llvm_prf_cnts        
00000bfd  _c_int00_noargs               
UNDEFED   _system_post_cinit            
00000cfb  _system_pre_init              
00000ced  abort                         
ffffffff  binit                         
2000004f  gAutoBaudUsed                 
20000060  gBitTimes                     
20000050  gCurrBaudRate                 
2000005a  gFirstSyncBit                 
20000048  gLin0TbitWidthVar             
20000052  gLinResponseLapseVar          
20000054  gNumCycles                    
2000005b  gNumSyncErrors                
20000056  gPrevBaudRate                 
20000038  gResponderRXBuffer            
20000040  gResponderTXMessageData       
2000005c  gStateMachine                 
20000058  gTotalBitTime                 
00000000  interruptVectors              
00000b35  main                          
00000685  memcpy                        
20000000  responderMessageTable         
00000721  sendLINResponderTXMessage     
000003b5  setLINResponderRXMessage      


GLOBAL SYMBOLS: SORTED BY Symbol Address 

address   name                          
-------   ----                          
00000000  __TI_ATRegion0_region_sz      
00000000  __TI_ATRegion0_src_addr       
00000000  __TI_ATRegion0_trg_addr       
00000000  __TI_ATRegion1_region_sz      
00000000  __TI_ATRegion1_src_addr       
00000000  __TI_ATRegion1_trg_addr       
00000000  __TI_ATRegion2_region_sz      
00000000  __TI_ATRegion2_src_addr       
00000000  __TI_ATRegion2_trg_addr       
00000000  __TI_static_base__            
00000000  interruptVectors              
00000040  __STACK_SIZE                  
000000c1  UART0_IRQHandler              
000003b5  setLINResponderRXMessage      
000004e9  __aeabi_dmul                  
000004e9  __muldf3                      
000005cd  SYSCFG_DL_LIN_0_init          
00000685  memcpy                        
0000071f  ADC0_IRQHandler               
0000071f  DMA_IRQHandler                
0000071f  Default_Handler               
0000071f  GPIOA_IRQHandler              
0000071f  GROUP0_IRQHandler             
0000071f  HardFault_Handler             
0000071f  I2C0_IRQHandler               
0000071f  NMI_Handler                   
0000071f  PendSV_Handler                
0000071f  SPI0_IRQHandler               
0000071f  SVC_Handler                   
0000071f  SysTick_Handler               
0000071f  TIMA0_IRQHandler              
0000071f  TIMG14_IRQHandler             
0000071f  TIMG8_IRQHandler              
00000721  sendLINResponderTXMessage     
000007ad  DL_UART_configBaudRate        
0000082d  __TI_decompress_lzss          
000008a9  __gedf2                       
000008a9  __gtdf2                       
0000091d  __cmpdf2                      
0000091d  __eqdf2                       
0000091d  __ledf2                       
0000091d  __ltdf2                       
0000091d  __nedf2                       
00000985  __aeabi_dcmpeq                
00000999  __aeabi_dcmplt                
000009ad  __aeabi_dcmple                
000009c1  __aeabi_dcmpge                
000009d5  __aeabi_dcmpgt                
000009e7  __aeabi_idiv0                 
000009e9  __aeabi_d2iz                  
000009e9  __fixdfsi                     
00000a35  DL_UART_init                  
00000a7d  __aeabi_uidiv                 
00000a7d  __aeabi_uidivmod              
00000abd  __TI_auto_init_nobinit_nopinit
00000af9  __muldsi3                     
00000b35  main                          
00000b6d  SYSCFG_DL_GPIO_init           
00000ba1  DL_UART_transmitDataBlocking  
00000bd1  SYSCFG_DL_initPower           
00000bfd  _c_int00_noargs               
00000c25  SYSCFG_DL_SYSCTL_init         
00000c49  __aeabi_ui2d                  
00000c49  __floatunsidf                 
00000c6d  LIN_Message_1_Handler         
00000c8d  __TI_zero_init_nomemset       
00000ca3  SYSCFG_DL_init                
00000cb7  DL_UART_setClockConfig        
00000cc9  __TI_decompress_none          
00000cdb  DL_Common_delayCycles         
00000ce5  __aeabi_memcpy                
00000ce5  __aeabi_memcpy4               
00000ce5  __aeabi_memcpy8               
00000ced  abort                         
00000cf2  C$$EXIT                       
00000cf3  HOSTexit                      
00000cf7  Reset_Handler                 
00000cfb  _system_pre_init              
00000d40  __TI_Handler_Table_Base       
00000d4c  __TI_Handler_Table_Limit      
00000d54  __TI_CINIT_Base               
00000d64  __TI_CINIT_Limit              
00000d64  __TI_CINIT_Warm               
20000000  __start___llvm_prf_bits       
20000000  __start___llvm_prf_cnts       
20000000  __stop___llvm_prf_bits        
20000000  __stop___llvm_prf_cnts        
20000000  responderMessageTable         
20000038  gResponderRXBuffer            
20000040  gResponderTXMessageData       
20000048  gLin0TbitWidthVar             
2000004c  SensorData                    
2000004f  gAutoBaudUsed                 
20000050  gCurrBaudRate                 
20000052  gLinResponseLapseVar          
20000054  gNumCycles                    
20000056  gPrevBaudRate                 
20000058  gTotalBitTime                 
2000005a  gFirstSyncBit                 
2000005b  gNumSyncErrors                
2000005c  gStateMachine                 
20000060  gBitTimes                     
200003c0  __stack                       
20000400  __STACK_END                   
ffffffff  __TI_pprof_out_hndl           
ffffffff  __TI_prof_data_size           
ffffffff  __TI_prof_data_start          
ffffffff  __binit__                     
ffffffff  binit                         
UNDEFED   __mpu_init                    
UNDEFED   _system_post_cinit            

[111 symbols]
