******************************************************************************
            TI ARM Clang Linker PC v4.0.4                      
******************************************************************************
>> Linked Sat Nov 15 17:23:14 2025

OUTPUT FILE NAME:   <lin_responder_LP_MSPM0C1104_nortos_ticlang.out>
ENTRY POINT SYMBOL: "_c_int00_noargs"  address: 00000c01


MEMORY CONFIGURATION

         name            origin    length      used     unused   attr    fill
----------------------  --------  ---------  --------  --------  ----  --------
  FLASH                 00000000   00004000  00000d70  00003290  R  X
  SRAM                  20000000   00000400  000000bb  00000345  RW X
  BCR_CONFIG            41c00000   000000ff  00000000  000000ff  R   


SEGMENT ALLOCATION MAP

run origin  load origin   length   init length attrs members
----------  ----------- ---------- ----------- ----- -------
00000000    00000000    00000d70   00000d70    r-x
  00000000    00000000    000000c0   000000c0    r-- .intvecs
  000000c0    000000c0    00000c48   00000c48    r-x .text
  00000d08    00000d08    00000010   00000010    r-- .rodata
  00000d18    00000d18    00000058   00000058    r-- .cinit
20000000    20000000    0000007c   00000000    rw-
  20000000    20000000    00000065   00000000    rw- .data
  20000066    20000066    00000016   00000000    rw- .bss
200003c0    200003c0    00000040   00000000    rw-
  200003c0    200003c0    00000040   00000000    rw- .stack


SECTION ALLOCATION MAP

 output                                  attributes/
section   page    origin      length       input sections
--------  ----  ----------  ----------   ----------------
.intvecs   0    00000000    000000c0     
                  00000000    000000c0     startup_mspm0c110x_ticlang.o (.intvecs)

.text      0    000000c0    00000c48     
                  000000c0    000002f4     lin_responder.o (.text.UART0_IRQHandler)
                  000003b4    00000138     lin_responder.o (.text.setLINResponderRXMessage)
                  000004ec    000000e4     libclang_rt.builtins.a : muldf3.S.obj (.text.__muldf3)
                  000005d0    000000b8     ti_msp_dl_config.o (.text.SYSCFG_DL_LIN_0_init)
                  00000688    0000009a     libc.a : memcpy16.S.obj (.text:memcpy)
                  00000722    00000002     startup_mspm0c110x_ticlang.o (.text.Default_Handler)
                  00000724    0000008c     lin_config.o (.text.sendLINResponderTXMessage)
                  000007b0    00000080     driverlib.a : dl_uart.o (.text.DL_UART_configBaudRate)
                  00000830    0000007c     libc.a : copy_decompress_lzss.c.obj (.text:decompress:lzss)
                  000008ac    00000074     libclang_rt.builtins.a : comparedf2.c.obj (.text.__gedf2)
                  00000920    00000068                            : comparedf2.c.obj (.text.__ledf2)
                  00000988    00000062                            : aeabi_dcmp.S.obj (.text.__aeabi_dcmp)
                  000009ea    00000002                            : aeabi_div0.c.obj (.text.__aeabi_idiv0)
                  000009ec    0000004a                            : fixdfsi.S.obj (.text.__fixdfsi)
                  00000a36    00000002     --HOLE-- [fill = 0]
                  00000a38    00000048     driverlib.a : dl_uart.o (.text.DL_UART_init)
                  00000a80    00000040     libclang_rt.builtins.a : aeabi_uidivmod.S.obj (.text.__aeabi_uidivmod)
                  00000ac0    0000003c     libc.a : autoinit.c.obj (.text:__TI_auto_init_nobinit_nopinit)
                  00000afc    0000003a     libclang_rt.builtins.a : muldsi3.S.obj (.text.__muldsi3)
                  00000b36    00000002     --HOLE-- [fill = 0]
                  00000b38    00000038     lin_responder.o (.text.main)
                  00000b70    00000034     ti_msp_dl_config.o (.text.SYSCFG_DL_GPIO_init)
                  00000ba4    00000030     driverlib.a : dl_uart.o (.text.DL_UART_transmitDataBlocking)
                  00000bd4    0000002c     ti_msp_dl_config.o (.text.SYSCFG_DL_initPower)
                  00000c00    00000028     libc.a : boot_cortex_m.c.obj (.text:_c_int00_noargs)
                  00000c28    00000024     ti_msp_dl_config.o (.text.SYSCFG_DL_SYSCTL_init)
                  00000c4c    00000024     libclang_rt.builtins.a : floatunsidf.S.obj (.text.__floatunsidf)
                  00000c70    00000020     lin_responder.o (.text.LIN_Message_1_Handler)
                  00000c90    00000016     libc.a : copy_zero_init.c.obj (.text:decompress:ZI:__TI_zero_init_nomemset)
                  00000ca6    00000014     ti_msp_dl_config.o (.text.SYSCFG_DL_init)
                  00000cba    00000012     driverlib.a : dl_uart.o (.text.DL_UART_setClockConfig)
                  00000ccc    00000012     libc.a : copy_decompress_none.c.obj (.text:decompress:none)
                  00000cde    0000000a     driverlib.a : dl_common.o (.text.DL_Common_delayCycles)
                  00000ce8    00000008     libclang_rt.builtins.a : aeabi_memcpy.S.obj (.text.__aeabi_memcpy)
                  00000cf0    00000006     libc.a : exit.c.obj (.text:abort)
                  00000cf6    00000004     libsysbm.a : hostexit.c.obj (.text.HOSTexit)
                  00000cfa    00000004     startup_mspm0c110x_ticlang.o (.text.Reset_Handler)
                  00000cfe    00000004     libc.a : pre_init.c.obj (.text._system_pre_init)
                  00000d02    00000006     --HOLE-- [fill = 0]

.cinit     0    00000d18    00000058     
                  00000d18    0000002d     (.cinit..data.load) [load image, compression = lzss]
                  00000d45    00000003     --HOLE-- [fill = 0]
                  00000d48    0000000c     (__TI_handler_table)
                  00000d54    00000008     (.cinit..bss.load) [load image, compression = zero_init]
                  00000d5c    00000010     (__TI_cinit_table)
                  00000d6c    00000004     --HOLE-- [fill = 0]

.rodata    0    00000d08    00000010     
                  00000d08    0000000a     ti_msp_dl_config.o (.rodata.gLIN_0Config)
                  00000d12    00000002     ti_msp_dl_config.o (.rodata.gLIN_0ClockConfig)
                  00000d14    00000004     --HOLE-- [fill = 0]

.init_array 
*          0    00000000    00000000     UNINITIALIZED

.binit     0    00000000    00000000     

.data      0    20000000    00000065     UNINITIALIZED
                  20000000    00000038     lin_responder.o (.data.responderMessageTable)
                  20000038    00000008     lin_responder.o (.data.SensorData)
                  20000040    00000008     lin_responder.o (.data.gResponderRXBuffer)
                  20000048    00000008     lin_responder.o (.data.gResponderTXMessageData)
                  20000050    00000004     lin_responder.o (.data.gLin0TbitWidthVar)
                  20000054    00000002     lin_responder.o (.data.gCurrBaudRate)
                  20000056    00000002     lin_responder.o (.data.gLinResponseLapseVar)
                  20000058    00000002     lin_responder.o (.data.gNumCycles)
                  2000005a    00000002     lin_responder.o (.data.gPrevBaudRate)
                  2000005c    00000002     lin_responder.o (.data.gTotalBitTime)
                  2000005e    00000001     lin_responder.o (.data.gAutoBaudUsed)
                  2000005f    00000001     lin_responder.o (.data.gFirstSyncBit)
                  20000060    00000001     lin_responder.o (.data.gNumSyncErrors)
                  20000061    00000001     lin_responder.o (.data.gStateMachine)
                  20000062    00000001     lin_responder.o (.data.setLINResponderRXMessage.LIN_state)
                  20000063    00000001     lin_responder.o (.data.setLINResponderRXMessage.byteCounter)
                  20000064    00000001     lin_responder.o (.data.setLINResponderRXMessage.msgTableIndex)

.bss       0    20000066    00000016     UNINITIALIZED
                  20000066    00000014     (.common:gBitTimes)
                  2000007a    00000002     lin_responder.o (.bss.setLINResponderRXMessage.tempChksum)

.stack     0    200003c0    00000040     UNINITIALIZED
                  200003c0    00000004     libc.a : boot_cortex_m.c.obj (.stack)
                  200003c4    0000003c     --HOLE--

__llvm_prf_cnts 
*          0    20000000    00000000     UNINITIALIZED

__llvm_prf_bits 
*          0    20000000    00000000     UNINITIALIZED

MODULE SUMMARY

       Module                         code   ro data   rw data
       ------                         ----   -------   -------
    .\
       lin_responder.o                1156   0         123    
       ti_msp_dl_config.o             336    12        0      
       startup_mspm0c110x_ticlang.o   6      192       0      
       lin_config.o                   140    0         0      
    +--+------------------------------+------+---------+---------+
       Total:                         1638   204       123    
                                                              
    C:/TI/mspm0_sdk_2_08_00_03/source/ti/driverlib/lib/ticlang/m0p/mspm0c110x/driverlib.a
       dl_uart.o                      266    0         0      
       dl_common.o                    10     0         0      
    +--+------------------------------+------+---------+---------+
       Total:                         276    0         0      
                                                              
    D:\ti\ccs2031\ccs\tools\compiler\ti-cgt-armllvm_4.0.4.LTS\lib\armv6m-ti-none-eabi/c/libc.a
       memcpy16.S.obj                 154    0         0      
       copy_decompress_lzss.c.obj     124    0         0      
       autoinit.c.obj                 60     0         0      
       boot_cortex_m.c.obj            40     0         0      
       copy_zero_init.c.obj           22     0         0      
       copy_decompress_none.c.obj     18     0         0      
       exit.c.obj                     6      0         0      
       pre_init.c.obj                 4      0         0      
    +--+------------------------------+------+---------+---------+
       Total:                         428    0         0      
                                                              
    D:\ti\ccs2031\ccs\tools\compiler\ti-cgt-armllvm_4.0.4.LTS\lib\armv6m-ti-none-eabi/c/libsysbm.a
       hostexit.c.obj                 4      0         0      
    +--+------------------------------+------+---------+---------+
       Total:                         4      0         0      
                                                              
    D:\ti\ccs2031\ccs\tools\compiler\ti-cgt-armllvm_4.0.4.LTS\lib\armv6m-ti-none-eabi/libclang_rt.builtins.a
       muldf3.S.obj                   228    0         0      
       comparedf2.c.obj               220    0         0      
       aeabi_dcmp.S.obj               98     0         0      
       fixdfsi.S.obj                  74     0         0      
       aeabi_uidivmod.S.obj           64     0         0      
       muldsi3.S.obj                  58     0         0      
       floatunsidf.S.obj              36     0         0      
       aeabi_memcpy.S.obj             8      0         0      
       aeabi_div0.c.obj               2      0         0      
    +--+------------------------------+------+---------+---------+
       Total:                         788    0         0      
                                                              
       Stack:                         0      0         64     
       Linker Generated:              0      81        0      
    +--+------------------------------+------+---------+---------+
       Grand Total:                   3134   285       187    


LINKER GENERATED COPY TABLES

__TI_cinit_table @ 00000d5c records: 2, size/record: 8, table size: 16
	.data: load addr=00000d18, load size=0000002d bytes, run addr=20000000, run size=00000065 bytes, compression=lzss
	.bss: load addr=00000d54, load size=00000008 bytes, run addr=20000066, run size=00000016 bytes, compression=zero_init


LINKER GENERATED HANDLER TABLE

__TI_handler_table @ 00000d48 records: 3, size/record: 4, table size: 12
	index: 0, handler: __TI_decompress_lzss
	index: 1, handler: __TI_decompress_none
	index: 2, handler: __TI_zero_init


GLOBAL SYMBOLS: SORTED ALPHABETICALLY BY Name 

address   name                          
-------   ----                          
00000723  ADC0_IRQHandler               
00000cf6  C$$EXIT                       
00000cdf  DL_Common_delayCycles         
000007b1  DL_UART_configBaudRate        
00000a39  DL_UART_init                  
00000cbb  DL_UART_setClockConfig        
00000ba5  DL_UART_transmitDataBlocking  
00000723  DMA_IRQHandler                
00000723  Default_Handler               
00000723  GPIOA_IRQHandler              
00000723  GROUP0_IRQHandler             
00000cf7  HOSTexit                      
00000723  HardFault_Handler             
00000723  I2C0_IRQHandler               
00000c71  LIN_Message_1_Handler         
00000723  NMI_Handler                   
00000723  PendSV_Handler                
00000cfb  Reset_Handler                 
00000723  SPI0_IRQHandler               
00000723  SVC_Handler                   
00000b71  SYSCFG_DL_GPIO_init           
000005d1  SYSCFG_DL_LIN_0_init          
00000c29  SYSCFG_DL_SYSCTL_init         
00000ca7  SYSCFG_DL_init                
00000bd5  SYSCFG_DL_initPower           
20000038  SensorData                    
00000723  SysTick_Handler               
00000723  TIMA0_IRQHandler              
00000723  TIMG14_IRQHandler             
00000723  TIMG8_IRQHandler              
000000c1  UART0_IRQHandler              
20000400  __STACK_END                   
00000040  __STACK_SIZE                  
00000000  __TI_ATRegion0_region_sz      
00000000  __TI_ATRegion0_src_addr       
00000000  __TI_ATRegion0_trg_addr       
00000000  __TI_ATRegion1_region_sz      
00000000  __TI_ATRegion1_src_addr       
00000000  __TI_ATRegion1_trg_addr       
00000000  __TI_ATRegion2_region_sz      
00000000  __TI_ATRegion2_src_addr       
00000000  __TI_ATRegion2_trg_addr       
00000d5c  __TI_CINIT_Base               
00000d6c  __TI_CINIT_Limit              
00000d6c  __TI_CINIT_Warm               
00000d48  __TI_Handler_Table_Base       
00000d54  __TI_Handler_Table_Limit      
00000ac1  __TI_auto_init_nobinit_nopinit
00000831  __TI_decompress_lzss          
00000ccd  __TI_decompress_none          
ffffffff  __TI_pprof_out_hndl           
ffffffff  __TI_prof_data_size           
ffffffff  __TI_prof_data_start          
00000000  __TI_static_base__            
00000c91  __TI_zero_init_nomemset       
000009ed  __aeabi_d2iz                  
00000989  __aeabi_dcmpeq                
000009c5  __aeabi_dcmpge                
000009d9  __aeabi_dcmpgt                
000009b1  __aeabi_dcmple                
0000099d  __aeabi_dcmplt                
000004ed  __aeabi_dmul                  
000009eb  __aeabi_idiv0                 
00000ce9  __aeabi_memcpy                
00000ce9  __aeabi_memcpy4               
00000ce9  __aeabi_memcpy8               
00000c4d  __aeabi_ui2d                  
00000a81  __aeabi_uidiv                 
00000a81  __aeabi_uidivmod              
ffffffff  __binit__                     
00000921  __cmpdf2                      
00000921  __eqdf2                       
000009ed  __fixdfsi                     
00000c4d  __floatunsidf                 
000008ad  __gedf2                       
000008ad  __gtdf2                       
00000921  __ledf2                       
00000921  __ltdf2                       
UNDEFED   __mpu_init                    
000004ed  __muldf3                      
00000afd  __muldsi3                     
00000921  __nedf2                       
200003c0  __stack                       
20000000  __start___llvm_prf_bits       
20000000  __start___llvm_prf_cnts       
20000000  __stop___llvm_prf_bits        
20000000  __stop___llvm_prf_cnts        
00000c01  _c_int00_noargs               
UNDEFED   _system_post_cinit            
00000cff  _system_pre_init              
00000cf1  abort                         
ffffffff  binit                         
2000005e  gAutoBaudUsed                 
20000066  gBitTimes                     
20000054  gCurrBaudRate                 
2000005f  gFirstSyncBit                 
20000050  gLin0TbitWidthVar             
20000056  gLinResponseLapseVar          
20000058  gNumCycles                    
20000060  gNumSyncErrors                
2000005a  gPrevBaudRate                 
20000040  gResponderRXBuffer            
20000048  gResponderTXMessageData       
20000061  gStateMachine                 
2000005c  gTotalBitTime                 
00000000  interruptVectors              
00000b39  main                          
00000689  memcpy                        
20000000  responderMessageTable         
00000725  sendLINResponderTXMessage     
000003b5  setLINResponderRXMessage      


GLOBAL SYMBOLS: SORTED BY Symbol Address 

address   name                          
-------   ----                          
00000000  __TI_ATRegion0_region_sz      
00000000  __TI_ATRegion0_src_addr       
00000000  __TI_ATRegion0_trg_addr       
00000000  __TI_ATRegion1_region_sz      
00000000  __TI_ATRegion1_src_addr       
00000000  __TI_ATRegion1_trg_addr       
00000000  __TI_ATRegion2_region_sz      
00000000  __TI_ATRegion2_src_addr       
00000000  __TI_ATRegion2_trg_addr       
00000000  __TI_static_base__            
00000000  interruptVectors              
00000040  __STACK_SIZE                  
000000c1  UART0_IRQHandler              
000003b5  setLINResponderRXMessage      
000004ed  __aeabi_dmul                  
000004ed  __muldf3                      
000005d1  SYSCFG_DL_LIN_0_init          
00000689  memcpy                        
00000723  ADC0_IRQHandler               
00000723  DMA_IRQHandler                
00000723  Default_Handler               
00000723  GPIOA_IRQHandler              
00000723  GROUP0_IRQHandler             
00000723  HardFault_Handler             
00000723  I2C0_IRQHandler               
00000723  NMI_Handler                   
00000723  PendSV_Handler                
00000723  SPI0_IRQHandler               
00000723  SVC_Handler                   
00000723  SysTick_Handler               
00000723  TIMA0_IRQHandler              
00000723  TIMG14_IRQHandler             
00000723  TIMG8_IRQHandler              
00000725  sendLINResponderTXMessage     
000007b1  DL_UART_configBaudRate        
00000831  __TI_decompress_lzss          
000008ad  __gedf2                       
000008ad  __gtdf2                       
00000921  __cmpdf2                      
00000921  __eqdf2                       
00000921  __ledf2                       
00000921  __ltdf2                       
00000921  __nedf2                       
00000989  __aeabi_dcmpeq                
0000099d  __aeabi_dcmplt                
000009b1  __aeabi_dcmple                
000009c5  __aeabi_dcmpge                
000009d9  __aeabi_dcmpgt                
000009eb  __aeabi_idiv0                 
000009ed  __aeabi_d2iz                  
000009ed  __fixdfsi                     
00000a39  DL_UART_init                  
00000a81  __aeabi_uidiv                 
00000a81  __aeabi_uidivmod              
00000ac1  __TI_auto_init_nobinit_nopinit
00000afd  __muldsi3                     
00000b39  main                          
00000b71  SYSCFG_DL_GPIO_init           
00000ba5  DL_UART_transmitDataBlocking  
00000bd5  SYSCFG_DL_initPower           
00000c01  _c_int00_noargs               
00000c29  SYSCFG_DL_SYSCTL_init         
00000c4d  __aeabi_ui2d                  
00000c4d  __floatunsidf                 
00000c71  LIN_Message_1_Handler         
00000c91  __TI_zero_init_nomemset       
00000ca7  SYSCFG_DL_init                
00000cbb  DL_UART_setClockConfig        
00000ccd  __TI_decompress_none          
00000cdf  DL_Common_delayCycles         
00000ce9  __aeabi_memcpy                
00000ce9  __aeabi_memcpy4               
00000ce9  __aeabi_memcpy8               
00000cf1  abort                         
00000cf6  C$$EXIT                       
00000cf7  HOSTexit                      
00000cfb  Reset_Handler                 
00000cff  _system_pre_init              
00000d48  __TI_Handler_Table_Base       
00000d54  __TI_Handler_Table_Limit      
00000d5c  __TI_CINIT_Base               
00000d6c  __TI_CINIT_Limit              
00000d6c  __TI_CINIT_Warm               
20000000  __start___llvm_prf_bits       
20000000  __start___llvm_prf_cnts       
20000000  __stop___llvm_prf_bits        
20000000  __stop___llvm_prf_cnts        
20000000  responderMessageTable         
20000038  SensorData                    
20000040  gResponderRXBuffer            
20000048  gResponderTXMessageData       
20000050  gLin0TbitWidthVar             
20000054  gCurrBaudRate                 
20000056  gLinResponseLapseVar          
20000058  gNumCycles                    
2000005a  gPrevBaudRate                 
2000005c  gTotalBitTime                 
2000005e  gAutoBaudUsed                 
2000005f  gFirstSyncBit                 
20000060  gNumSyncErrors                
20000061  gStateMachine                 
20000066  gBitTimes                     
200003c0  __stack                       
20000400  __STACK_END                   
ffffffff  __TI_pprof_out_hndl           
ffffffff  __TI_prof_data_size           
ffffffff  __TI_prof_data_start          
ffffffff  __binit__                     
ffffffff  binit                         
UNDEFED   __mpu_init                    
UNDEFED   _system_post_cinit            

[111 symbols]
