******************************************************************************
            TI ARM Clang Linker PC v4.0.4                      
******************************************************************************
>> Linked Sun Nov 16 13:34:10 2025

OUTPUT FILE NAME:   <lin_commander_LP_MSPM0C1104_nortos_ticlang.out>
ENTRY POINT SYMBOL: "_c_int00_noargs"  address: 000005b9


MEMORY CONFIGURATION

         name            origin    length      used     unused   attr    fill
----------------------  --------  ---------  --------  --------  ----  --------
  FLASH                 00000000   00004000  000006e0  00003920  R  X
  SRAM                  20000000   00000400  00000088  00000378  RW X
  BCR_CONFIG            41c00000   000000ff  00000000  000000ff  R   


SEGMENT ALLOCATION MAP

run origin  load origin   length   init length attrs members
----------  ----------- ---------- ----------- ----- -------
00000000    00000000    000006e0   000006e0    r-x
  00000000    00000000    000000c0   000000c0    r-- .intvecs
  000000c0    000000c0    000005d8   000005d8    r-x .text
  00000698    00000698    00000010   00000010    r-- .rodata
  000006a8    000006a8    00000038   00000038    r-- .cinit
20000000    20000000    00000048   00000000    rw-
  20000000    20000000    00000046   00000000    rw- .data
  20000046    20000046    00000002   00000000    rw- .bss
200003c0    200003c0    00000040   00000000    rw-
  200003c0    200003c0    00000040   00000000    rw- .stack


SECTION ALLOCATION MAP

 output                                  attributes/
section   page    origin      length       input sections
--------  ----  ----------  ----------   ----------------
.intvecs   0    00000000    000000c0     
                  00000000    000000c0     startup_mspm0c110x_ticlang.o (.intvecs)

.text      0    000000c0    000005d8     
                  000000c0    000000cc     lin_config.o (.text.LIN_Commander_transmitMessage)
                  0000018c    0000009c     lin_commander.o (.text.main)
                  00000228    0000009a     libc.a : memcpy16.S.obj (.text:memcpy)
                  000002c2    00000002     startup_mspm0c110x_ticlang.o (.text.Default_Handler)
                  000002c4    0000007c     lin_config.o (.text.LIN_Commander_receiveMessage)
                  00000340    0000007c     libc.a : copy_decompress_lzss.c.obj (.text:decompress:lzss)
                  000003bc    00000074     ti_msp_dl_config.o (.text.SYSCFG_DL_LIN_0_init)
                  00000430    0000006c     ti_msp_dl_config.o (.text.SYSCFG_DL_GPIO_init)
                  0000049c    00000048     driverlib.a : dl_uart.o (.text.DL_UART_init)
                  000004e4    0000003c     lin_commander.o (.text.UART0_IRQHandler)
                  00000520    0000003c     libc.a : autoinit.c.obj (.text:__TI_auto_init_nobinit_nopinit)
                  0000055c    00000030     driverlib.a : dl_uart.o (.text.DL_UART_transmitDataBlocking)
                  0000058c    0000002c     ti_msp_dl_config.o (.text.SYSCFG_DL_initPower)
                  000005b8    00000028     libc.a : boot_cortex_m.c.obj (.text:_c_int00_noargs)
                  000005e0    00000024     ti_msp_dl_config.o (.text.SYSCFG_DL_SYSCTL_init)
                  00000604    00000016     libc.a : copy_zero_init.c.obj (.text:decompress:ZI:__TI_zero_init_nomemset)
                  0000061a    00000014     ti_msp_dl_config.o (.text.SYSCFG_DL_init)
                  0000062e    00000012     driverlib.a : dl_uart.o (.text.DL_UART_setClockConfig)
                  00000640    00000012     libc.a : copy_decompress_none.c.obj (.text:decompress:none)
                  00000652    00000002     --HOLE-- [fill = 0]
                  00000654    0000000c     lin_commander.o (.text.GPIOA_IRQHandler)
                  00000660    0000000c     lin_commander.o (.text.LIN_processMessage_Rx)
                  0000066c    0000000a     driverlib.a : dl_common.o (.text.DL_Common_delayCycles)
                  00000676    00000002     --HOLE-- [fill = 0]
                  00000678    00000008     libclang_rt.builtins.a : aeabi_memcpy.S.obj (.text.__aeabi_memcpy)
                  00000680    00000006     libc.a : exit.c.obj (.text:abort)
                  00000686    00000004     libsysbm.a : hostexit.c.obj (.text.HOSTexit)
                  0000068a    00000004     startup_mspm0c110x_ticlang.o (.text.Reset_Handler)
                  0000068e    00000004     libc.a : pre_init.c.obj (.text._system_pre_init)
                  00000692    00000006     --HOLE-- [fill = 0]

.cinit     0    000006a8    00000038     
                  000006a8    00000014     (.cinit..data.load) [load image, compression = lzss]
                  000006bc    0000000c     (__TI_handler_table)
                  000006c8    00000008     (.cinit..bss.load) [load image, compression = zero_init]
                  000006d0    00000010     (__TI_cinit_table)

.rodata    0    00000698    00000010     
                  00000698    0000000a     ti_msp_dl_config.o (.rodata.gLIN_0Config)
                  000006a2    00000002     ti_msp_dl_config.o (.rodata.gLIN_0ClockConfig)
                  000006a4    00000004     --HOLE-- [fill = 0]

.init_array 
*          0    00000000    00000000     UNINITIALIZED

.binit     0    00000000    00000000     

.data      0    20000000    00000046     UNINITIALIZED
                  20000000    00000038     lin_commander.o (.data.gCommanderMessageTable)
                  20000038    00000008     lin_commander.o (.data.gCommanderRXBuffer)
                  20000040    00000001     lin_config.o (.data.LIN_Commander_receiveMessage.LIN_state)
                  20000041    00000001     lin_config.o (.data.LIN_Commander_receiveMessage.byteCounter)
                  20000042    00000001     lin_commander.o (.data.gDataReceived)
                  20000043    00000001     lin_config.o (.data.gMessageTableIndex)
                  20000044    00000001     lin_commander.o (.data.gSendMessage)
                  20000045    00000001     lin_commander.o (.data.test)

.bss       0    20000046    00000002     UNINITIALIZED
                  20000046    00000002     lin_config.o (.bss.LIN_Commander_receiveMessage.tempChksum.0)

.stack     0    200003c0    00000040     UNINITIALIZED
                  200003c0    00000004     libc.a : boot_cortex_m.c.obj (.stack)
                  200003c4    0000003c     --HOLE--

__llvm_prf_cnts 
*          0    20000000    00000000     UNINITIALIZED

__llvm_prf_bits 
*          0    20000000    00000000     UNINITIALIZED

MODULE SUMMARY

       Module                         code   ro data   rw data
       ------                         ----   -------   -------
    .\
       ti_msp_dl_config.o             324    12        0      
       lin_config.o                   328    0         5      
       lin_commander.o                240    0         67     
       startup_mspm0c110x_ticlang.o   6      192       0      
    +--+------------------------------+------+---------+---------+
       Total:                         898    204       72     
                                                              
    D:/ti/ccs2031/mspm0_sdk_2_07_00_05/source/ti/driverlib/lib/ticlang/m0p/mspm0c110x/driverlib.a
       dl_uart.o                      138    0         0      
       dl_common.o                    10     0         0      
    +--+------------------------------+------+---------+---------+
       Total:                         148    0         0      
                                                              
    D:\ti\ccs2031\ccs\tools\compiler\ti-cgt-armllvm_4.0.4.LTS\lib\armv6m-ti-none-eabi/c/libc.a
       memcpy16.S.obj                 154    0         0      
       copy_decompress_lzss.c.obj     124    0         0      
       autoinit.c.obj                 60     0         0      
       boot_cortex_m.c.obj            40     0         0      
       copy_zero_init.c.obj           22     0         0      
       copy_decompress_none.c.obj     18     0         0      
       exit.c.obj                     6      0         0      
       pre_init.c.obj                 4      0         0      
    +--+------------------------------+------+---------+---------+
       Total:                         428    0         0      
                                                              
    D:\ti\ccs2031\ccs\tools\compiler\ti-cgt-armllvm_4.0.4.LTS\lib\armv6m-ti-none-eabi/c/libsysbm.a
       hostexit.c.obj                 4      0         0      
    +--+------------------------------+------+---------+---------+
       Total:                         4      0         0      
                                                              
    D:\ti\ccs2031\ccs\tools\compiler\ti-cgt-armllvm_4.0.4.LTS\lib\armv6m-ti-none-eabi/libclang_rt.builtins.a
       aeabi_memcpy.S.obj             8      0         0      
    +--+------------------------------+------+---------+---------+
       Total:                         8      0         0      
                                                              
       Stack:                         0      0         64     
       Linker Generated:              0      56        0      
    +--+------------------------------+------+---------+---------+
       Grand Total:                   1486   260       136    


LINKER GENERATED COPY TABLES

__TI_cinit_table @ 000006d0 records: 2, size/record: 8, table size: 16
	.data: load addr=000006a8, load size=00000014 bytes, run addr=20000000, run size=00000046 bytes, compression=lzss
	.bss: load addr=000006c8, load size=00000008 bytes, run addr=20000046, run size=00000002 bytes, compression=zero_init


LINKER GENERATED HANDLER TABLE

__TI_handler_table @ 000006bc records: 3, size/record: 4, table size: 12
	index: 0, handler: __TI_decompress_lzss
	index: 1, handler: __TI_decompress_none
	index: 2, handler: __TI_zero_init


GLOBAL SYMBOLS: SORTED ALPHABETICALLY BY Name 

address   name                          
-------   ----                          
000002c3  ADC0_IRQHandler               
00000686  C$$EXIT                       
0000066d  DL_Common_delayCycles         
0000049d  DL_UART_init                  
0000062f  DL_UART_setClockConfig        
0000055d  DL_UART_transmitDataBlocking  
000002c3  DMA_IRQHandler                
000002c3  Default_Handler               
00000655  GPIOA_IRQHandler              
000002c3  GROUP0_IRQHandler             
00000687  HOSTexit                      
000002c3  HardFault_Handler             
000002c3  I2C0_IRQHandler               
000002c5  LIN_Commander_receiveMessage  
000000c1  LIN_Commander_transmitMessage 
000002c3  NMI_Handler                   
000002c3  PendSV_Handler                
0000068b  Reset_Handler                 
000002c3  SPI0_IRQHandler               
000002c3  SVC_Handler                   
00000431  SYSCFG_DL_GPIO_init           
000003bd  SYSCFG_DL_LIN_0_init          
000005e1  SYSCFG_DL_SYSCTL_init         
0000061b  SYSCFG_DL_init                
0000058d  SYSCFG_DL_initPower           
000002c3  SysTick_Handler               
000002c3  TIMA0_IRQHandler              
000002c3  TIMG14_IRQHandler             
000002c3  TIMG8_IRQHandler              
000004e5  UART0_IRQHandler              
20000400  __STACK_END                   
00000040  __STACK_SIZE                  
00000000  __TI_ATRegion0_region_sz      
00000000  __TI_ATRegion0_src_addr       
00000000  __TI_ATRegion0_trg_addr       
00000000  __TI_ATRegion1_region_sz      
00000000  __TI_ATRegion1_src_addr       
00000000  __TI_ATRegion1_trg_addr       
00000000  __TI_ATRegion2_region_sz      
00000000  __TI_ATRegion2_src_addr       
00000000  __TI_ATRegion2_trg_addr       
000006d0  __TI_CINIT_Base               
000006e0  __TI_CINIT_Limit              
000006e0  __TI_CINIT_Warm               
000006bc  __TI_Handler_Table_Base       
000006c8  __TI_Handler_Table_Limit      
00000521  __TI_auto_init_nobinit_nopinit
00000341  __TI_decompress_lzss          
00000641  __TI_decompress_none          
ffffffff  __TI_pprof_out_hndl           
ffffffff  __TI_prof_data_size           
ffffffff  __TI_prof_data_start          
00000000  __TI_static_base__            
00000605  __TI_zero_init_nomemset       
00000679  __aeabi_memcpy                
00000679  __aeabi_memcpy4               
00000679  __aeabi_memcpy8               
ffffffff  __binit__                     
UNDEFED   __mpu_init                    
200003c0  __stack                       
20000000  __start___llvm_prf_bits       
20000000  __start___llvm_prf_cnts       
20000000  __stop___llvm_prf_bits        
20000000  __stop___llvm_prf_cnts        
000005b9  _c_int00_noargs               
UNDEFED   _system_post_cinit            
0000068f  _system_pre_init              
00000681  abort                         
ffffffff  binit                         
20000000  gCommanderMessageTable        
20000038  gCommanderRXBuffer            
20000042  gDataReceived                 
20000043  gMessageTableIndex            
20000044  gSendMessage                  
00000000  interruptVectors              
0000018d  main                          
00000229  memcpy                        
20000045  test                          


GLOBAL SYMBOLS: SORTED BY Symbol Address 

address   name                          
-------   ----                          
00000000  __TI_ATRegion0_region_sz      
00000000  __TI_ATRegion0_src_addr       
00000000  __TI_ATRegion0_trg_addr       
00000000  __TI_ATRegion1_region_sz      
00000000  __TI_ATRegion1_src_addr       
00000000  __TI_ATRegion1_trg_addr       
00000000  __TI_ATRegion2_region_sz      
00000000  __TI_ATRegion2_src_addr       
00000000  __TI_ATRegion2_trg_addr       
00000000  __TI_static_base__            
00000000  interruptVectors              
00000040  __STACK_SIZE                  
000000c1  LIN_Commander_transmitMessage 
0000018d  main                          
00000229  memcpy                        
000002c3  ADC0_IRQHandler               
000002c3  DMA_IRQHandler                
000002c3  Default_Handler               
000002c3  GROUP0_IRQHandler             
000002c3  HardFault_Handler             
000002c3  I2C0_IRQHandler               
000002c3  NMI_Handler                   
000002c3  PendSV_Handler                
000002c3  SPI0_IRQHandler               
000002c3  SVC_Handler                   
000002c3  SysTick_Handler               
000002c3  TIMA0_IRQHandler              
000002c3  TIMG14_IRQHandler             
000002c3  TIMG8_IRQHandler              
000002c5  LIN_Commander_receiveMessage  
00000341  __TI_decompress_lzss          
000003bd  SYSCFG_DL_LIN_0_init          
00000431  SYSCFG_DL_GPIO_init           
0000049d  DL_UART_init                  
000004e5  UART0_IRQHandler              
00000521  __TI_auto_init_nobinit_nopinit
0000055d  DL_UART_transmitDataBlocking  
0000058d  SYSCFG_DL_initPower           
000005b9  _c_int00_noargs               
000005e1  SYSCFG_DL_SYSCTL_init         
00000605  __TI_zero_init_nomemset       
0000061b  SYSCFG_DL_init                
0000062f  DL_UART_setClockConfig        
00000641  __TI_decompress_none          
00000655  GPIOA_IRQHandler              
0000066d  DL_Common_delayCycles         
00000679  __aeabi_memcpy                
00000679  __aeabi_memcpy4               
00000679  __aeabi_memcpy8               
00000681  abort                         
00000686  C$$EXIT                       
00000687  HOSTexit                      
0000068b  Reset_Handler                 
0000068f  _system_pre_init              
000006bc  __TI_Handler_Table_Base       
000006c8  __TI_Handler_Table_Limit      
000006d0  __TI_CINIT_Base               
000006e0  __TI_CINIT_Limit              
000006e0  __TI_CINIT_Warm               
20000000  __start___llvm_prf_bits       
20000000  __start___llvm_prf_cnts       
20000000  __stop___llvm_prf_bits        
20000000  __stop___llvm_prf_cnts        
20000000  gCommanderMessageTable        
20000038  gCommanderRXBuffer            
20000042  gDataReceived                 
20000043  gMessageTableIndex            
20000044  gSendMessage                  
20000045  test                          
200003c0  __stack                       
20000400  __STACK_END                   
ffffffff  __TI_pprof_out_hndl           
ffffffff  __TI_prof_data_size           
ffffffff  __TI_prof_data_start          
ffffffff  __binit__                     
ffffffff  binit                         
UNDEFED   __mpu_init                    
UNDEFED   _system_post_cinit            

[78 symbols]
