******************************************************************************
            TI ARM Clang Linker PC v4.0.4                      
******************************************************************************
>> Linked Wed Nov 26 20:51:48 2025

OUTPUT FILE NAME:   <lin_commander_LP_MSPM0C1104_nortos_ticlang.out>
ENTRY POINT SYMBOL: "_c_int00_noargs"  address: 000005e1


MEMORY CONFIGURATION

         name            origin    length      used     unused   attr    fill
----------------------  --------  ---------  --------  --------  ----  --------
  FLASH                 00000000   00004000  00000710  000038f0  R  X
  SRAM                  20000000   00000400  0000008a  00000376  RW X
  BCR_CONFIG            41c00000   000000ff  00000000  000000ff  R   


SEGMENT ALLOCATION MAP

run origin  load origin   length   init length attrs members
----------  ----------- ---------- ----------- ----- -------
00000000    00000000    00000710   00000710    r-x
  00000000    00000000    000000c0   000000c0    r-- .intvecs
  000000c0    000000c0    00000608   00000608    r-x .text
  000006c8    000006c8    00000010   00000010    r-- .rodata
  000006d8    000006d8    00000038   00000038    r-- .cinit
20000000    20000000    0000004a   00000000    rw-
  20000000    20000000    00000048   00000000    rw- .data
  20000048    20000048    00000002   00000000    rw- .bss
200003c0    200003c0    00000040   00000000    rw-
  200003c0    200003c0    00000040   00000000    rw- .stack


SECTION ALLOCATION MAP

 output                                  attributes/
section   page    origin      length       input sections
--------  ----  ----------  ----------   ----------------
.intvecs   0    00000000    000000c0     
                  00000000    000000c0     startup_mspm0c110x_ticlang.o (.intvecs)

.text      0    000000c0    00000608     
                  000000c0    000000cc     lin_config.o (.text.LIN_Commander_transmitMessage)
                  0000018c    000000b8     lin_commander.o (.text.main)
                  00000244    0000009a     libc.a : memcpy16.S.obj (.text:memcpy)
                  000002de    00000002     startup_mspm0c110x_ticlang.o (.text.Default_Handler)
                  000002e0    0000007c     lin_config.o (.text.LIN_Commander_receiveMessage)
                  0000035c    0000007c     libc.a : copy_decompress_lzss.c.obj (.text:decompress:lzss)
                  000003d8    00000074     ti_msp_dl_config.o (.text.SYSCFG_DL_LIN_0_init)
                  0000044c    0000006c     ti_msp_dl_config.o (.text.SYSCFG_DL_GPIO_init)
                  000004b8    00000048     driverlib.a : dl_uart.o (.text.DL_UART_init)
                  00000500    00000048     lin_commander.o (.text.UART0_IRQHandler)
                  00000548    0000003c     libc.a : autoinit.c.obj (.text:__TI_auto_init_nobinit_nopinit)
                  00000584    00000030     driverlib.a : dl_uart.o (.text.DL_UART_transmitDataBlocking)
                  000005b4    0000002c     ti_msp_dl_config.o (.text.SYSCFG_DL_initPower)
                  000005e0    00000028     libc.a : boot_cortex_m.c.obj (.text:_c_int00_noargs)
                  00000608    00000024     ti_msp_dl_config.o (.text.SYSCFG_DL_SYSCTL_init)
                  0000062c    00000016     libc.a : copy_zero_init.c.obj (.text:decompress:ZI:__TI_zero_init_nomemset)
                  00000642    00000002     --HOLE-- [fill = 0]
                  00000644    00000014     lin_commander.o (.text.GPIOA_IRQHandler)
                  00000658    00000014     ti_msp_dl_config.o (.text.SYSCFG_DL_init)
                  0000066c    00000012     driverlib.a : dl_uart.o (.text.DL_UART_setClockConfig)
                  0000067e    00000012     libc.a : copy_decompress_none.c.obj (.text:decompress:none)
                  00000690    0000000c     lin_commander.o (.text.LIN_processMessage_Rx)
                  0000069c    0000000a     driverlib.a : dl_common.o (.text.DL_Common_delayCycles)
                  000006a6    00000002     --HOLE-- [fill = 0]
                  000006a8    00000008     libclang_rt.builtins.a : aeabi_memcpy.S.obj (.text.__aeabi_memcpy)
                  000006b0    00000006     libc.a : exit.c.obj (.text:abort)
                  000006b6    00000004     libsysbm.a : hostexit.c.obj (.text.HOSTexit)
                  000006ba    00000004     startup_mspm0c110x_ticlang.o (.text.Reset_Handler)
                  000006be    00000004     libc.a : pre_init.c.obj (.text._system_pre_init)
                  000006c2    00000006     --HOLE-- [fill = 0]

.cinit     0    000006d8    00000038     
                  000006d8    00000013     (.cinit..data.load) [load image, compression = lzss]
                  000006eb    00000001     --HOLE-- [fill = 0]
                  000006ec    0000000c     (__TI_handler_table)
                  000006f8    00000008     (.cinit..bss.load) [load image, compression = zero_init]
                  00000700    00000010     (__TI_cinit_table)

.rodata    0    000006c8    00000010     
                  000006c8    0000000a     ti_msp_dl_config.o (.rodata.gLIN_0Config)
                  000006d2    00000002     ti_msp_dl_config.o (.rodata.gLIN_0ClockConfig)
                  000006d4    00000004     --HOLE-- [fill = 0]

.init_array 
*          0    00000000    00000000     UNINITIALIZED

.binit     0    00000000    00000000     

.data      0    20000000    00000048     UNINITIALIZED
                  20000000    00000038     lin_commander.o (.data.gCommanderMessageTable)
                  20000038    00000008     lin_commander.o (.data.gCommanderRXBuffer)
                  20000040    00000001     lin_config.o (.data.LIN_Commander_receiveMessage.LIN_state)
                  20000041    00000001     lin_config.o (.data.LIN_Commander_receiveMessage.byteCounter)
                  20000042    00000001     lin_commander.o (.data.gDataReceived)
                  20000043    00000001     lin_config.o (.data.gMessageTableIndex)
                  20000044    00000001     lin_commander.o (.data.gSendMessage)
                  20000045    00000001     lin_commander.o (.data.increment)
                  20000046    00000001     lin_commander.o (.data.receiveFlag)
                  20000047    00000001     lin_commander.o (.data.recvIncr)

.bss       0    20000048    00000002     UNINITIALIZED
                  20000048    00000002     lin_config.o (.bss.LIN_Commander_receiveMessage.tempChksum.0)

.stack     0    200003c0    00000040     UNINITIALIZED
                  200003c0    00000004     libc.a : boot_cortex_m.c.obj (.stack)
                  200003c4    0000003c     --HOLE--

__llvm_prf_cnts 
*          0    20000000    00000000     UNINITIALIZED

__llvm_prf_bits 
*          0    20000000    00000000     UNINITIALIZED

MODULE SUMMARY

       Module                         code   ro data   rw data
       ------                         ----   -------   -------
    .\
       lin_commander.o                288    0         69     
       ti_msp_dl_config.o             324    12        0      
       lin_config.o                   328    0         5      
       startup_mspm0c110x_ticlang.o   6      192       0      
    +--+------------------------------+------+---------+---------+
       Total:                         946    204       74     
                                                              
    C:/ti/mspm0_sdk_2_07_00_05/source/ti/driverlib/lib/ticlang/m0p/mspm0c110x/driverlib.a
       dl_uart.o                      138    0         0      
       dl_common.o                    10     0         0      
    +--+------------------------------+------+---------+---------+
       Total:                         148    0         0      
                                                              
    C:\ti\ccs2031\ccs\tools\compiler\ti-cgt-armllvm_4.0.4.LTS\lib\armv6m-ti-none-eabi/c/libc.a
       memcpy16.S.obj                 154    0         0      
       copy_decompress_lzss.c.obj     124    0         0      
       autoinit.c.obj                 60     0         0      
       boot_cortex_m.c.obj            40     0         0      
       copy_zero_init.c.obj           22     0         0      
       copy_decompress_none.c.obj     18     0         0      
       exit.c.obj                     6      0         0      
       pre_init.c.obj                 4      0         0      
    +--+------------------------------+------+---------+---------+
       Total:                         428    0         0      
                                                              
    C:\ti\ccs2031\ccs\tools\compiler\ti-cgt-armllvm_4.0.4.LTS\lib\armv6m-ti-none-eabi/c/libsysbm.a
       hostexit.c.obj                 4      0         0      
    +--+------------------------------+------+---------+---------+
       Total:                         4      0         0      
                                                              
    C:\ti\ccs2031\ccs\tools\compiler\ti-cgt-armllvm_4.0.4.LTS\lib\armv6m-ti-none-eabi/libclang_rt.builtins.a
       aeabi_memcpy.S.obj             8      0         0      
    +--+------------------------------+------+---------+---------+
       Total:                         8      0         0      
                                                              
       Stack:                         0      0         64     
       Linker Generated:              0      55        0      
    +--+------------------------------+------+---------+---------+
       Grand Total:                   1534   259       138    


LINKER GENERATED COPY TABLES

__TI_cinit_table @ 00000700 records: 2, size/record: 8, table size: 16
	.data: load addr=000006d8, load size=00000013 bytes, run addr=20000000, run size=00000048 bytes, compression=lzss
	.bss: load addr=000006f8, load size=00000008 bytes, run addr=20000048, run size=00000002 bytes, compression=zero_init


LINKER GENERATED HANDLER TABLE

__TI_handler_table @ 000006ec records: 3, size/record: 4, table size: 12
	index: 0, handler: __TI_decompress_lzss
	index: 1, handler: __TI_decompress_none
	index: 2, handler: __TI_zero_init


GLOBAL SYMBOLS: SORTED ALPHABETICALLY BY Name 

address   name                          
-------   ----                          
000002df  ADC0_IRQHandler               
000006b6  C$$EXIT                       
0000069d  DL_Common_delayCycles         
000004b9  DL_UART_init                  
0000066d  DL_UART_setClockConfig        
00000585  DL_UART_transmitDataBlocking  
000002df  DMA_IRQHandler                
000002df  Default_Handler               
00000645  GPIOA_IRQHandler              
000002df  GROUP0_IRQHandler             
000006b7  HOSTexit                      
000002df  HardFault_Handler             
000002df  I2C0_IRQHandler               
000002e1  LIN_Commander_receiveMessage  
000000c1  LIN_Commander_transmitMessage 
000002df  NMI_Handler                   
000002df  PendSV_Handler                
000006bb  Reset_Handler                 
000002df  SPI0_IRQHandler               
000002df  SVC_Handler                   
0000044d  SYSCFG_DL_GPIO_init           
000003d9  SYSCFG_DL_LIN_0_init          
00000609  SYSCFG_DL_SYSCTL_init         
00000659  SYSCFG_DL_init                
000005b5  SYSCFG_DL_initPower           
000002df  SysTick_Handler               
000002df  TIMA0_IRQHandler              
000002df  TIMG14_IRQHandler             
000002df  TIMG8_IRQHandler              
00000501  UART0_IRQHandler              
20000400  __STACK_END                   
00000040  __STACK_SIZE                  
00000000  __TI_ATRegion0_region_sz      
00000000  __TI_ATRegion0_src_addr       
00000000  __TI_ATRegion0_trg_addr       
00000000  __TI_ATRegion1_region_sz      
00000000  __TI_ATRegion1_src_addr       
00000000  __TI_ATRegion1_trg_addr       
00000000  __TI_ATRegion2_region_sz      
00000000  __TI_ATRegion2_src_addr       
00000000  __TI_ATRegion2_trg_addr       
00000700  __TI_CINIT_Base               
00000710  __TI_CINIT_Limit              
00000710  __TI_CINIT_Warm               
000006ec  __TI_Handler_Table_Base       
000006f8  __TI_Handler_Table_Limit      
00000549  __TI_auto_init_nobinit_nopinit
0000035d  __TI_decompress_lzss          
0000067f  __TI_decompress_none          
ffffffff  __TI_pprof_out_hndl           
ffffffff  __TI_prof_data_size           
ffffffff  __TI_prof_data_start          
00000000  __TI_static_base__            
0000062d  __TI_zero_init_nomemset       
000006a9  __aeabi_memcpy                
000006a9  __aeabi_memcpy4               
000006a9  __aeabi_memcpy8               
ffffffff  __binit__                     
UNDEFED   __mpu_init                    
200003c0  __stack                       
20000000  __start___llvm_prf_bits       
20000000  __start___llvm_prf_cnts       
20000000  __stop___llvm_prf_bits        
20000000  __stop___llvm_prf_cnts        
000005e1  _c_int00_noargs               
UNDEFED   _system_post_cinit            
000006bf  _system_pre_init              
000006b1  abort                         
ffffffff  binit                         
20000000  gCommanderMessageTable        
20000038  gCommanderRXBuffer            
20000042  gDataReceived                 
20000043  gMessageTableIndex            
20000044  gSendMessage                  
20000045  increment                     
00000000  interruptVectors              
0000018d  main                          
00000245  memcpy                        
20000046  receiveFlag                   
20000047  recvIncr                      


GLOBAL SYMBOLS: SORTED BY Symbol Address 

address   name                          
-------   ----                          
00000000  __TI_ATRegion0_region_sz      
00000000  __TI_ATRegion0_src_addr       
00000000  __TI_ATRegion0_trg_addr       
00000000  __TI_ATRegion1_region_sz      
00000000  __TI_ATRegion1_src_addr       
00000000  __TI_ATRegion1_trg_addr       
00000000  __TI_ATRegion2_region_sz      
00000000  __TI_ATRegion2_src_addr       
00000000  __TI_ATRegion2_trg_addr       
00000000  __TI_static_base__            
00000000  interruptVectors              
00000040  __STACK_SIZE                  
000000c1  LIN_Commander_transmitMessage 
0000018d  main                          
00000245  memcpy                        
000002df  ADC0_IRQHandler               
000002df  DMA_IRQHandler                
000002df  Default_Handler               
000002df  GROUP0_IRQHandler             
000002df  HardFault_Handler             
000002df  I2C0_IRQHandler               
000002df  NMI_Handler                   
000002df  PendSV_Handler                
000002df  SPI0_IRQHandler               
000002df  SVC_Handler                   
000002df  SysTick_Handler               
000002df  TIMA0_IRQHandler              
000002df  TIMG14_IRQHandler             
000002df  TIMG8_IRQHandler              
000002e1  LIN_Commander_receiveMessage  
0000035d  __TI_decompress_lzss          
000003d9  SYSCFG_DL_LIN_0_init          
0000044d  SYSCFG_DL_GPIO_init           
000004b9  DL_UART_init                  
00000501  UART0_IRQHandler              
00000549  __TI_auto_init_nobinit_nopinit
00000585  DL_UART_transmitDataBlocking  
000005b5  SYSCFG_DL_initPower           
000005e1  _c_int00_noargs               
00000609  SYSCFG_DL_SYSCTL_init         
0000062d  __TI_zero_init_nomemset       
00000645  GPIOA_IRQHandler              
00000659  SYSCFG_DL_init                
0000066d  DL_UART_setClockConfig        
0000067f  __TI_decompress_none          
0000069d  DL_Common_delayCycles         
000006a9  __aeabi_memcpy                
000006a9  __aeabi_memcpy4               
000006a9  __aeabi_memcpy8               
000006b1  abort                         
000006b6  C$$EXIT                       
000006b7  HOSTexit                      
000006bb  Reset_Handler                 
000006bf  _system_pre_init              
000006ec  __TI_Handler_Table_Base       
000006f8  __TI_Handler_Table_Limit      
00000700  __TI_CINIT_Base               
00000710  __TI_CINIT_Limit              
00000710  __TI_CINIT_Warm               
20000000  __start___llvm_prf_bits       
20000000  __start___llvm_prf_cnts       
20000000  __stop___llvm_prf_bits        
20000000  __stop___llvm_prf_cnts        
20000000  gCommanderMessageTable        
20000038  gCommanderRXBuffer            
20000042  gDataReceived                 
20000043  gMessageTableIndex            
20000044  gSendMessage                  
20000045  increment                     
20000046  receiveFlag                   
20000047  recvIncr                      
200003c0  __stack                       
20000400  __STACK_END                   
ffffffff  __TI_pprof_out_hndl           
ffffffff  __TI_prof_data_size           
ffffffff  __TI_prof_data_start          
ffffffff  __binit__                     
ffffffff  binit                         
UNDEFED   __mpu_init                    
UNDEFED   _system_post_cinit            

[80 symbols]
